[#PREV]
Length=480
Lyric=R
NoteNum=60
@preuttr=0
@overlap=0
@stpoint=0
[#0001]
Length=480
Lyric=‚ 
NoteNum=60
Intensity=100
Modulation=0
Moduration=0
@preuttr=0
@overlap=0
@stpoint=0
@filename=‚ .wav
@alias=‚ 
[#0002]
Length=480
Lyric=‚¢
NoteNum=62
Intensity=100
Modulation=0
Moduration=0
PBS=-40
PBW=80
@preuttr=0
@overlap=0
@stpoint=0
@filename=‚¢.wav
@alias=‚¢
[#0003]
Length=480
Lyric=‚¤
NoteNum=64
Intensity=100
Modulation=0
Moduration=0
PBS=-40
PBW=80
@preuttr=0
@overlap=0
@stpoint=0
@filename=‚¤.wav
@alias=‚¤
[#0004]
Length=480
Lyric=‚¦
NoteNum=65
Intensity=100
Modulation=0
Moduration=0
PBS=-40
PBW=80
@preuttr=0
@overlap=0
@stpoint=0
@filename=‚¦.wav
@alias=‚¦
[#NEXT]
Length=480
Lyric=‚¨
NoteNum=67
Intensity=100
Modulation=0
Moduration=0
PBS=-40
PBW=80
@preuttr=0
@overlap=0
@stpoint=0
@filename=‚¨.wav
@alias=‚¨
